170190
220190
270190
506895
590000
640000
690000
793796
843796
1041216
