Yes
+++++S+
+o.o.o+
+.+-+-+
+o.o.o+
+-+-+.+
+o.o|o+
+++++G+
