15
3 8
2 8
3 10
3 9
1 8
2 10
2 9
2 7
1 10
5 10
1 9
4 10
4 9
1 7
1 6
